main.c:104:5:main	32	static
main.c:207:6:SystemClock_Config	88	static
main.c:252:13:MX_I2C1_Init	8	static
main.c:286:13:MX_TIM1_Init	32	static
main.c:339:13:MX_TIM3_Init	64	static
main.c:398:13:MX_USART2_UART_Init	8	static
main.c:431:13:MX_USART6_UART_Init	8	static
main.c:464:13:MX_GPIO_Init	48	static
main.c:501:6:HAL_TIM_IC_CaptureCallback	24	static
main.c:568:6:HCSR04_Read	8	static
main.c:577:6:HCSR04_Read2	8	static
main.c:586:6:delay	16	static
main.c:597:6:Error_Handler	4	static,ignoring_inline_asm
