main.c:105:5:main	24	static
main.c:229:6:SystemClock_Config	88	static
main.c:274:13:MX_I2C1_Init	8	static
main.c:308:13:MX_TIM1_Init	32	static
main.c:361:13:MX_TIM3_Init	64	static
main.c:420:13:MX_USART2_UART_Init	8	static
main.c:453:13:MX_USART6_UART_Init	8	static
main.c:486:13:MX_GPIO_Init	48	static
main.c:523:6:HAL_TIM_IC_CaptureCallback	24	static
main.c:590:6:HCSR04_Read	8	static
main.c:599:6:HCSR04_Read2	8	static
main.c:610:6:delay	16	static
main.c:621:6:Error_Handler	4	static,ignoring_inline_asm
